// Vitest Snapshot v1, https://vitest.dev/guide/snapshot.html

exports[`build > manifest snapshot 1`] = `
"{
  \\"dynamic.ts\\": {
    \\"file\\": \\"assets/dynamic-y-YcnQ4I.js\\",
    \\"isDynamicEntry\\": true,
    \\"src\\": \\"dynamic.ts\\",
    \\"integrity\\": \\"sha384-KorBstcdnwE8bqEM96n5weR+Q9mNUAR0Hr7tewyfRadn5v1IY58p2bfjmnkxTotE\\"
  },
  \\"entrypoints/main.ts\\": {
    \\"css\\": [
      \\"assets/main-1h5ju1v-.css\\"
    ],
    \\"dynamicImports\\": [
      \\"dynamic.ts\\"
    ],
    \\"file\\": \\"assets/main-dLnuJ4t2.js\\",
    \\"isEntry\\": true,
    \\"src\\": \\"entrypoints/main.ts\\",
    \\"integrity\\": \\"sha384-vJj4PmZ9vllU99cNXZ5ozrfo6a0h/wUVLWsVtmbltVr32o549nSSXYMj8ZzenCLt\\"
  },
  \\"entrypoints/styles.css\\": {
    \\"file\\": \\"assets/styles-5G55TvLQ.css\\",
    \\"isEntry\\": true,
    \\"src\\": \\"entrypoints/styles.css\\",
    \\"integrity\\": \\"sha384-HmlJ0WJXVNLaqWQYVRhZgsW1JBN4XBjm3j+j38nagNFimvBxi8nZ1FUysAc9JJvL\\"
  }
}"
`;

exports[`build > manifest snapshot 2`] = `"{}"`;
